PACKAGE
IDENTIFIER(main)
SEMICOLON
FUNC
IDENTIFIER(main)
LPAR
RPAR
LBRACE
Line 4, column 5: unterminated comment