IDENTIFIER(compiladores)
IDENTIFIER(e)
IDENTIFIER(fixe)
SEMICOLON
RETURN
SEMICOLON
RPAR
SEMICOLON
RSQ
SEMICOLON
RBRACE
SEMICOLON
STRLIT("compiladores podia ser melhor")
SEMICOLON
DECIMAL(1.e+0)
SEMICOLON
STRLIT("o melhor numero e")
Line 12, column 21: illegal character (:)
NATURAL(42)
<<<<<<< HEAD
SEMICOLON
=======
SEMICOLON
>>>>>>> e785b6e890d93922ab27064f000bbd998417161d
